[demo.farost.net/logisti/index.html]
[gmpg.org/xfn/11.html]
[backblue.gif]
[fade.gif]
[index.html]
[demo.farost.net/logisti/feed/index.html]
[fonts.googleapis.com/index.html]
[demo.farost.net/logisti/wp-content/uploads/siteground-optimizer-assets/siteground-optimizer-combined-css-6aeafcab0ecfe6d820c5029c39506e86.css]
[demo.farost.net/logisti/comments/feed/index.html]
[demo.farost.net/logisti/wp-includes/js/jquery/jquery.min.js]
[demo.farost.net/logisti/wp-includes/js/jquery/jquery-migrate.min.js]
[demo.farost.net/logisti/wp-content/plugins/wp-user-avatar/assets/flatpickr/flatpickr.min.js]
[demo.farost.net/logisti/wp-content/plugins/wp-user-avatar/assets/select2/select2.min.js]
[demo.farost.net/logisti/wp-json/wp/v2/pages/20.json]
[demo.farost.net/logisti/wp-json/index.html]
[demo.farost.net/logisti/wp-json/oembed/1.0/embed349d.json]
[demo.farost.net/logisti/wp-json/oembed/1.0/embed59c2]
[demo.farost.net/logisti/wp-content/themes/logisti/assets/images/favicon.png]
[demo.farost.net/logisti/wp-content/uploads/2019/04/counter_bgreaf3.jpg]
[demo.farost.net/logisti/wp-content/themes/logisti/assets/images/logo-light.png]
[demo.farost.net/logisti/wp-content/themes/logisti/assets/images/logo-dark.png]
[demo.farost.net/logisti/wp-content/themes/logisti/assets/images/lang-icon.png]
[demo.farost.net/logisti/request-a-quote/index.html]
[demo.farost.net/logisti/home-modern/index.html]
[demo.farost.net/logisti/wp-content/uploads/2019/04/shutterstock_638769301-1.jpg]
[demo.farost.net/logisti/about-us/index.html]
[demo.farost.net/logisti/home-classic/index.html]
[demo.farost.net/logisti/why-choose-us/index.html]
[demo.farost.net/logisti/leadership-team/index.html]
[vimeo.com/192332438.13.delayed]
[demo.farost.net/logisti/global-locations/index.html]
[demo.farost.net/logisti/our-gallery/index.html]
[demo.farost.net/logisti/careers/index.html]
[demo.farost.net/logisti/services/index.html]
[demo.farost.net/logisti/wp-content/uploads/2019/04/nrd-785287-unsplash-1.jpg]
[demo.farost.net/logisti/service/warehousing/index.html]
[demo.farost.net/logisti/service/air-freight/index.html]
[demo.farost.net/logisti/service/ocean-freight/index.html]
[demo.farost.net/logisti/service/road-freight/index.html]
[demo.farost.net/logisti/service/supply-chain/index.html]
[demo.farost.net/logisti/service/packaging/index.html]
[demo.farost.net/logisti/wp-content/uploads/2019/04/shutterstock_301382870-1.jpg]
[demo.farost.net/logisti/industry/sciences-healthcare/index.html]
[demo.farost.net/logisti/industry/industrial-chemical/index.html]
[demo.farost.net/logisti/industry/retail-consumer/index.html]
[demo.farost.net/logisti/wp-content/uploads/2019/04/slider-4.jpg]
[demo.farost.net/logisti/industry/power-generation/index.html]
[demo.farost.net/logisti/industry/food-beverage/index.html]
[demo.farost.net/logisti/industry/oil-gas/index.html]
[demo.farost.net/logisti/wp-content/uploads/2019/04/c_fancybox_1.png]
[demo.farost.net/logisti/case-studies/index.html]
[demo.farost.net/logisti/rates/index.html]
[demo.farost.net/logisti/wp-content/uploads/2019/04/c_fancybox_2.png]
[demo.farost.net/logisti/case-studies-gird/index.html]
[demo.farost.net/logisti/case-studies-carousel/index.html]
[demo.farost.net/logisti/wp-content/uploads/2019/04/John-Peter.png]
[demo.farost.net/logisti/portfolio/role-of-the-importer/index.html]
[demo.farost.net/logisti/blog-classic/index.html]
[demo.farost.net/logisti/wp-content/uploads/2019/04/about1.jpg]
[demo.farost.net/logisti/blog-grid/index.html]
[demo.farost.net/logisti/importance-of-specialized-focus-in-projects-oil-gas-logistics/index.html]
[demo.farost.net/logisti/track-trace/index.html]
[demo.farost.net/logisti/wp-content/uploads/2019/04/counter1.png]
[demo.farost.net/logisti/find-a-location/index.html]
[demo.farost.net/logisti/wp-content/uploads/2019/04/counter2.png]
[demo.farost.net/logisti/wp-content/uploads/2019/04/counter3.png]
[demo.farost.net/logisti/faqs/index.html]
[demo.farost.net/logisti/contacts/index.html]
[demo.farost.net/logisti/.tab-0]
[demo.farost.net/logisti/wp-content/uploads/2019/04/form-tab1.png]
[demo.farost.net/logisti/.tab-1]
[demo.farost.net/logisti/wp-content/uploads/2019/04/form-tab2.png]
[demo.farost.net/logisti/wp-content/themes/logisti/assets/images/contact-box-widget.png]
[demo.farost.net/logisti/wp-content/uploads/2019/03/service01-980x650.jpg]
[demo.farost.net/logisti/wp-content/uploads/2019/03/airplane_rotated.svg]
[demo.farost.net/logisti/wp-content/uploads/2019/03/service6-980x575.jpg]
[demo.farost.net/logisti/wp-content/uploads/2019/03/ship.svg]
[demo.farost.net/logisti/wp-content/uploads/2019/03/service3-980x650.jpg]
[demo.farost.net/logisti/wp-content/uploads/2019/03/truck.svg]
[demo.farost.net/logisti/wp-content/uploads/2019/03/Credit-Icon.png]
[demo.farost.net/logisti/wp-content/uploads/2019/03/Worldwide-Icon.png]
[demo.farost.net/logisti/wp-content/uploads/2019/03/Boxes-Icon.png]
[demo.farost.net/logisti/wp-content/uploads/2019/03/Balance-Icon.png]
[demo.farost.net/logisti/wp-content/uploads/2019/03/Target-Icon.png]
[demo.farost.net/logisti/wp-content/uploads/2019/03/Telephone-Icon.png]
[demo.farost.net/logisti/wp-content/uploads/2019/03/Delivery-Icon.png]
[demo.farost.net/logisti/wp-content/uploads/2019/05/Stamp-Icon.png]
[demo.farost.net/logisti/wp-content/uploads/2019/04/partner01.png]
[demo.farost.net/logisti/wp-content/uploads/2019/04/partner02.png]
[demo.farost.net/logisti/wp-content/uploads/2019/04/partner03.png]
[demo.farost.net/logisti/wp-content/uploads/2019/04/partner04.png]
[demo.farost.net/logisti/wp-content/uploads/2019/04/partner05.png]
[demo.farost.net/logisti/wp-content/uploads/2019/04/partner06.png]
[demo.farost.net/logisti/.all]
[demo.farost.net/logisti/.distribution]
[demo.farost.net/logisti/.optimization]
[demo.farost.net/logisti/.logistics]
[demo.farost.net/logisti/.analystics]
[demo.farost.net/logisti/wp-content/uploads/2019/03/shutterstock_682632427-980x650.jpg]
[demo.farost.net/logisti/wp-content/uploads/2019/03/shutterstock_682632460-980x650.jpg]
[demo.farost.net/logisti/portfolio-category/analystics/index.html]
[demo.farost.net/logisti/wp-content/uploads/2019/03/shutterstock_301750778-980x650.jpg]
[demo.farost.net/logisti/wp-content/uploads/2019/03/shutterstock_682632511-980x650.jpg]
[demo.farost.net/logisti/wp-content/uploads/2019/03/shutterstock_722794939-980x616.jpg]
[demo.farost.net/logisti/portfolio/lane-pairing-analysis/index.html]
[demo.farost.net/logisti/portfolio-category/optimization/index.html]
[demo.farost.net/logisti/portfolio/warehouse-on-hand-inventory/index.html]
[demo.farost.net/logisti/wp-content/uploads/2019/03/case1-980x650.jpg]
[demo.farost.net/logisti/portfolio-category/distribution/index.html]
[demo.farost.net/logisti/wp-content/uploads/2019/03/avatar2.jpg]
[demo.farost.net/logisti/portfolio-category/warehousing/index.html]
[demo.farost.net/logisti/portfolio/minimize-cost-of-manufacturing/index.html]
[demo.farost.net/logisti/wp-content/uploads/2019/03/avatar.jpg]
[demo.farost.net/logisti/portfolio-category/logistics/index.html]
[demo.farost.net/logisti/wp-content/uploads/2019/03/avatar3.jpg]
[demo.farost.net/logisti/portfolio/regulatory-compliance-seminar/index.html]
[demo.farost.net/logisti/wp-content/uploads/2019/03/shutterstock_682632475-980x650.jpg]
[demo.farost.net/logisti/portfolio/documents-electronic-data/index.html]
[demo.farost.net/logisti/wp-content/uploads/2019/03/shutterstock_682632538-980x650.jpg]
[demo.farost.net/logisti/wp-content/themes/logisti/assets/images/location_icon.png]
[demo.farost.net/logisti/wp-content/uploads/2019/04/logo-dark.png]
[demo.farost.net/logisti/category/distribution/index.html]
[demo.farost.net/logisti/category/logistic/index.html]
[demo.farost.net/logisti/category/industry/index.html]
[demo.farost.net/logisti/cargo-flow-through-better-supply-chain-visibility-control/index.html]
[demo.farost.net/logisti/importance-of-specialized-focus-in-projects-oil-gas-logistic/index.html]
[demo.farost.net/logisti/category/warehousing/index.html]
[themeforest.net/user/farost/portfolio.html]
[demo.farost.net/logisti/wp-content/plugins/contact-form-7/includes/swv/js/index.js]
[demo.farost.net/logisti/wp-content/plugins/contact-form-7/includes/js/index.js]
[demo.farost.net/logisti/wp-content/plugins/revslider/public/assets/js/revolution.tools.min.js]
[demo.farost.net/logisti/wp-content/plugins/revslider/public/assets/js/rs6.min.js]
[demo.farost.net/logisti/wp-content/plugins/themecore/assets/js/cms-front.js]
[demo.farost.net/logisti/wp-content/plugins/wp-user-avatar/assets/js/frontend.min.js]
[demo.farost.net/logisti/wp-content/themes/logisti/assets/js/bootstrap.min.js]
[demo.farost.net/logisti/wp-content/themes/logisti/assets/js/headroom.min.js]
[demo.farost.net/logisti/wp-content/themes/logisti/assets/js/headroom.js]
[demo.farost.net/logisti/wp-content/themes/logisti/assets/js/nice-select.min.js]
[demo.farost.net/logisti/wp-content/themes/logisti/assets/js/enscroll.js]
[demo.farost.net/logisti/wp-content/themes/logisti/assets/js/match-height-min.js]
[demo.farost.net/logisti/wp-content/themes/logisti/assets/js/magnific-popup.min.js]
[demo.farost.net/logisti/wp-content/themes/logisti/assets/js/main.js]
[demo.farost.net/logisti/wp-content/themes/logisti/assets/js/YouTubePopUp.jquery.js]
[demo.farost.net/logisti/wp-content/plugins/js_composer/assets/js/dist/js_composer_front.min.js]
[demo.farost.net/logisti/wp-content/plugins/themecore/assets/js/owl.carousel.min.js]
[demo.farost.net/logisti/wp-content/themes/logisti/assets/js/cms-carousel.js]
[demo.farost.net/logisti/wp-content/plugins/themecore/assets/js/waypoints.min.js]
[demo.farost.net/logisti/wp-content/themes/logisti/assets/js/counter.min.js]
[demo.farost.net/logisti/wp-content/themes/logisti/assets/js/cms-counter.js]
[demo.farost.net/logisti/wp-content/plugins/js_composer/assets/lib/bower/isotope/dist/isotope.pkgd.min.js]
[demo.farost.net/logisti/wp-includes/js/imagesloaded.min.js]
[demo.farost.net/logisti/wp-content/themes/logisti/assets/js/isotope.cms.js]
[demo.farost.net/logisti/wp-content/plugins/js_composer/assets/lib/vc_waypoints/vc-waypoints.min.js]
[maps.googleapis.com/maps/api/js6820]
[demo.farost.net/logisti/index.html]
[demo.farost.net/logisti/wp-content/themes/logisti/assets/js/cms-googlemap.js]
[gmpg.org/xfn/default.css]
[gmpg.org/xfn/.html]
[gmpg.org/xfn/intro.html]
[gmpg.org/xfn/faq.html]
[gmpg.org/xfn/thanks.html]
[gmpg.org/xfn/11.html]
[demo.farost.net/logisti/wp-content/plugins/revslider/public/assets/fonts/revicons/revicons90c6.eot]
[demo.farost.net/logisti/wp-content/plugins/themecore/assets/css/owl.video.play.png]
[demo.farost.net/logisti/wp-content/plugins/wp-user-avatar/assets/css/material-icons/MaterialIcons-Regular.woff2]
[demo.farost.net/logisti/wp-content/themes/logisti/assets/fonts/fontawesome-webfont3e6e.eot]
[demo.farost.net/logisti/wp-content/themes/logisti/assets/fonts/fontawesome-webfontd41d.eot]
[demo.farost.net/logisti/wp-content/themes/logisti/assets/fonts/fontawesome-webfont3e6e.woff2]
[demo.farost.net/logisti/wp-content/themes/logisti/assets/fonts/fontawesome-webfont3e6e.woff]
[demo.farost.net/logisti/wp-content/themes/logisti/assets/fonts/fontawesome-webfont3e6e.ttf]
[demo.farost.net/logisti/wp-content/themes/logisti/assets/fonts/fontawesome-webfont3e6e.svg]
[demo.farost.net/logisti/wp-content/themes/logisti/assets/fonts/Material-Design-Iconic-Fontd1f1.woff2]
[demo.farost.net/logisti/wp-content/themes/logisti/assets/images/close.png]
[demo.farost.net/logisti/wp-content/themes/logisti/assets/images/page-title.jpg]
[demo.farost.net/logisti/wp-content/themes/logisti/assets/css/icons.svg]
[demo.farost.net/logisti/wp-content/plugins/js_composer/assets/vc/alert.png]
[demo.farost.net/logisti/wp-content/plugins/revslider/public/assets/fonts/font-awesome/fonts/fontawesome-webfont3e6e.eot]
[demo.farost.net/logisti/wp-content/plugins/revslider/public/assets/fonts/font-awesome/fonts/fontawesome-webfontd41d.eot]
[demo.farost.net/logisti/wp-content/plugins/revslider/public/assets/fonts/font-awesome/fonts/fontawesome-webfont3e6e.woff2]
[demo.farost.net/logisti/wp-content/plugins/revslider/public/assets/fonts/font-awesome/fonts/fontawesome-webfont3e6e.woff]
[demo.farost.net/logisti/wp-content/uploads/siteground-optimizer-assets/siteground-optimizer-combined-css-6aeafcab0ecfe6d820c5029c39506e86.css]
[fonts.googleapis.com/index.html]
[demo.farost.net/logisti/wp-content/plugins/revslider/public/assets/fonts/font-awesome/fonts/fontawesome-webfont3e6e.ttf]
[demo.farost.net/logisti/wp-content/plugins/revslider/public/assets/fonts/font-awesome/fonts/fontawesome-webfont3e6e.svg]
[fonts.googleapis.com/css04cb.css]
[demo.farost.net/logisti/wp-content/uploads/siteground-optimizer-assets/siteground-optimizer-combined-css-9e16c9cbdb3d7bf3760900878e2a26ac.css]
[demo.farost.net/logisti/wp-json/wp/v2/pages/77.json]
[demo.farost.net/logisti/wp-json/oembed/1.0/embedbd16.json]
[demo.farost.net/logisti/wp-json/oembed/1.0/embedf41c]
[demo.farost.net/logisti/wp-content/uploads/2019/04/Layer-1416.jpg]
[demo.farost.net/logisti/wp-content/uploads/2019/03/logisti.pdf]
[demo.farost.net/logisti/wp-content/themes/logisti/assets/images/pdf.png]
[demo.farost.net/logisti/wp-content/uploads/2019/03/bg_ctac.png]
[demo.farost.net/logisti/request-a-quote/index.html]
[demo.farost.net/logisti/wp-json/wp/v2/pages/23.json]
[demo.farost.net/logisti/wp-json/oembed/1.0/embed88af.json]
[demo.farost.net/logisti/wp-json/oembed/1.0/embed5be5]
[demo.farost.net/logisti/wp-content/uploads/2019/04/BG_case389f.jpg]
[demo.farost.net/logisti/wp-content/themes/logisti/assets/images/lang-icon-gray.png]
[demo.farost.net/logisti/wp-content/uploads/2019/04/shutterstock_301382870.jpg]
[demo.farost.net/logisti/wp-content/uploads/2019/03/service2-980x650.jpg]
[demo.farost.net/logisti/wp-content/uploads/2019/03/elevator.svg]
[demo.farost.net/logisti/wp-content/uploads/2019/04/credit-icon-white.png]
[demo.farost.net/logisti/wp-content/uploads/2019/04/ww-icon-white.png]
[demo.farost.net/logisti/wp-content/uploads/2019/04/video02.jpg]
[demo.farost.net/logisti/home-modern/.all]
[demo.farost.net/logisti/home-modern/.distribution]
[demo.farost.net/logisti/home-modern/.optimization]
[demo.farost.net/logisti/home-modern/.logistics]
[demo.farost.net/logisti/home-modern/.analystics]
[demo.farost.net/logisti/wp-content/uploads/2019/03/shutterstock_638769307-980x650.jpg]
[demo.farost.net/logisti/wp-content/uploads/2019/03/shutterstock_682632361-980x650.jpg]
[demo.farost.net/logisti/changes-to-our-trade-credit-policy-and-procedures/index.html]
[demo.farost.net/logisti/category/news/index.html]
[demo.farost.net/logisti/home-modern/index.html]
[demo.farost.net/logisti/wp-content/themes/logisti/assets/js/cms-loadmore-grid.js]
[demo.farost.net/logisti/wp-json/wp/v2/pages/25.json]
[demo.farost.net/logisti/how-an-efficient-warehouse-operation-could-save-you-a-sale/index.html]
[demo.farost.net/logisti/wp-json/oembed/1.0/embedd2ad.json]
[demo.farost.net/logisti/wp-json/oembed/1.0/embed4cb3]
[demo.farost.net/logisti/wp-content/uploads/2019/04/video-bgr4628.jpg]
[demo.farost.net/logisti/wp-content/uploads/2019/04/shutterstock_682632364.jpg]
[demo.farost.net/logisti/wp-content/uploads/2019/04/Credit-Icon-Red.png]
[demo.farost.net/logisti/wp-content/uploads/2019/04/Worldwide-Icon-Red.png]
[demo.farost.net/logisti/wp-content/uploads/2019/04/Boxes-Icon-Red.png]
[demo.farost.net/logisti/wp-content/uploads/2019/04/Credit-Icon-dark.png]
[demo.farost.net/logisti/wp-content/uploads/2019/04/Worldwide-Icon-dark.png]
[demo.farost.net/logisti/home-classic/.all]
[demo.farost.net/logisti/home-classic/.distribution]
[demo.farost.net/logisti/home-classic/.optimization]
[demo.farost.net/logisti/home-classic/.logistics]
[demo.farost.net/logisti/home-classic/.analystics]
[demo.farost.net/logisti/home-classic/index.html]
[demo.farost.net/logisti/wp-content/uploads/siteground-optimizer-assets/siteground-optimizer-combined-css-42e57e1eef89a7d34dff2a1087d4d75f.css]
[demo.farost.net/logisti/wp-json/wp/v2/pages/30.json]
[demo.farost.net/logisti/wp-json/oembed/1.0/embedda67.json]
[demo.farost.net/logisti/wp-json/oembed/1.0/embed3763]
[demo.farost.net/logisti/wp-content/uploads/2019/03/testimonial_bg3e5c.jpg]
[demo.farost.net/logisti/about-us/index.html]
[demo.farost.net/logisti/wp-json/wp/v2/pages/32.json]
[demo.farost.net/logisti/wp-json/oembed/1.0/embed5274.json]
[demo.farost.net/logisti/wp-json/oembed/1.0/embed6cdf]
[demo.farost.net/logisti/wp-content/uploads/2019/04/shutterstock_638769322.jpg]
[demo.farost.net/logisti/why-choose-us/.all]
[demo.farost.net/logisti/why-choose-us/.distribution]
[demo.farost.net/logisti/why-choose-us/.optimization]
[demo.farost.net/logisti/why-choose-us/.logistics]
[demo.farost.net/logisti/why-choose-us/.analystics]
[demo.farost.net/logisti/wp-content/uploads/2019/04/award1.jpg]
[demo.farost.net/logisti/wp-content/uploads/2019/04/award2.jpg]
[demo.farost.net/logisti/wp-content/uploads/2019/04/award3.jpg]
[demo.farost.net/logisti/why-choose-us/index.html]
[demo.farost.net/logisti/wp-json/wp/v2/pages/34.json]
[demo.farost.net/logisti/wp-json/oembed/1.0/embedc228.json]
[demo.farost.net/logisti/wp-json/oembed/1.0/embed66a0]
[demo.farost.net/logisti/wp-content/uploads/2019/04/shutterstock_647680018.jpg]
[demo.farost.net/logisti/wp-content/uploads/2019/05/team1.jpg]
[demo.farost.net/logisti/wp-content/uploads/2019/05/team2.jpg]
[demo.farost.net/logisti/wp-content/uploads/2019/05/team3.jpg]
[demo.farost.net/logisti/wp-content/uploads/2019/05/team4.jpg]
[demo.farost.net/logisti/wp-content/uploads/2019/05/team5.jpg]
[demo.farost.net/logisti/wp-content/uploads/2019/05/team6.jpg]
[demo.farost.net/logisti/leadership-team/index.html]
[demo.farost.net/logisti/wp-json/wp/v2/pages/36.json]
[demo.farost.net/logisti/wp-json/oembed/1.0/embed8af6.json]
[demo.farost.net/logisti/wp-json/oembed/1.0/embed7916]
[demo.farost.net/logisti/wp-content/uploads/2019/04/juliana-kozoski-733679-unsplash.jpg]
[demo.farost.net/logisti/global-locations/index.html]
[demo.farost.net/logisti/wp-json/wp/v2/pages/38.json]
[demo.farost.net/logisti/wp-json/oembed/1.0/embeda5b3.json]
[demo.farost.net/logisti/wp-json/oembed/1.0/embed4d4f]
[demo.farost.net/logisti/wp-content/uploads/2019/03/shutterstock_682632427-715x600.jpg]
[demo.farost.net/logisti/wp-content/uploads/2019/03/shutterstock_682632427.jpg]
[demo.farost.net/logisti/wp-content/uploads/2019/03/shutterstock_682632460-715x600.jpg]
[demo.farost.net/logisti/wp-content/uploads/2019/03/shutterstock_682632460.jpg]
[demo.farost.net/logisti/wp-content/uploads/2019/03/shutterstock_301750778-715x600.jpg]
[demo.farost.net/logisti/wp-content/uploads/2019/03/shutterstock_301750778.jpg]
[demo.farost.net/logisti/wp-content/uploads/2019/03/shutterstock_682632511-715x600.jpg]
[demo.farost.net/logisti/wp-content/uploads/2019/03/shutterstock_682632511.jpg]
[demo.farost.net/logisti/wp-content/uploads/2019/03/shutterstock_722794939-715x600.jpg]
[demo.farost.net/logisti/wp-content/uploads/2019/03/shutterstock_722794939.jpg]
[demo.farost.net/logisti/wp-content/uploads/2019/03/case1-715x600.jpg]
[demo.farost.net/logisti/wp-content/uploads/2019/03/case1.jpg]
[demo.farost.net/logisti/our-gallery/index.html]
[demo.farost.net/logisti/wp-json/wp/v2/pages/40.json]
[demo.farost.net/logisti/wp-json/oembed/1.0/embed3478.json]
[demo.farost.net/logisti/wp-json/oembed/1.0/embed0adc]
[demo.farost.net/logisti/wp-content/uploads/2019/04/shutterstock_682632553.jpg]
[demo.farost.net/logisti/careers/index.html]
[demo.farost.net/logisti/wp-json/wp/v2/pages/49.json]
[demo.farost.net/logisti/wp-json/oembed/1.0/embed0ed1.json]
[demo.farost.net/logisti/wp-json/oembed/1.0/embed6071]
[demo.farost.net/logisti/wp-content/uploads/2019/03/services_ptt.jpg]
[demo.farost.net/logisti/wp-content/uploads/2019/03/service4-980x650.jpg]
[demo.farost.net/logisti/wp-content/uploads/2019/03/conveyor.svg]
[demo.farost.net/logisti/wp-content/uploads/2019/03/service5-980x650.jpg]
[demo.farost.net/logisti/wp-content/uploads/2019/03/open-box.svg]
[demo.farost.net/logisti/services/.all]
[demo.farost.net/logisti/services/.distribution]
[demo.farost.net/logisti/services/.optimization]
[demo.farost.net/logisti/services/.logistics]
[demo.farost.net/logisti/services/.analystics]
[demo.farost.net/logisti/services/index.html]
[demo.farost.net/logisti/wp-json/oembed/1.0/embed54fe.json]
[demo.farost.net/logisti/wp-json/oembed/1.0/embed6eca]
[demo.farost.net/logisti/wp-content/uploads/2019/03/service2.jpg]
[demo.farost.net/logisti/wp-content/uploads/2019/03/Layer-video.jpg]
[demo.farost.net/logisti/service/index.html]
[demo.farost.net/logisti/wp-content/plugins/js_composer/assets/lib/bower/chartjs/Chart.min.js]
[demo.farost.net/logisti/service/warehousing/index.html]
[demo.farost.net/logisti/wp-content/plugins/js_composer/assets/lib/vc_round_chart/vc_round_chart.min.js]
[demo.farost.net/logisti/wp-json/oembed/1.0/embedc86b.json]
[demo.farost.net/logisti/wp-json/oembed/1.0/embed732e]
[demo.farost.net/logisti/wp-content/uploads/2019/03/service01.jpg]
[demo.farost.net/logisti/service/air-freight/index.html]
[demo.farost.net/logisti/wp-json/oembed/1.0/embed7ec6.json]
[demo.farost.net/logisti/wp-json/oembed/1.0/embedd033]
[demo.farost.net/logisti/wp-content/uploads/2019/03/service6.jpg]
[demo.farost.net/logisti/service/ocean-freight/index.html]
[demo.farost.net/logisti/wp-json/oembed/1.0/embed7ac2.json]
[demo.farost.net/logisti/wp-json/oembed/1.0/embed2b19]
[demo.farost.net/logisti/wp-content/uploads/2019/03/service3.jpg]
[demo.farost.net/logisti/service/road-freight/index.html]
[demo.farost.net/logisti/wp-json/oembed/1.0/embed5783.json]
[demo.farost.net/logisti/wp-json/oembed/1.0/embedb169]
[demo.farost.net/logisti/wp-content/uploads/2019/03/service4.jpg]
[demo.farost.net/logisti/service/supply-chain/index.html]
[demo.farost.net/logisti/wp-json/oembed/1.0/embed0dc0.json]
[demo.farost.net/logisti/wp-json/oembed/1.0/embed0c39]
[demo.farost.net/logisti/wp-content/uploads/2019/03/service5.jpg]
[demo.farost.net/logisti/service/packaging/index.html]
[demo.farost.net/logisti/wp-json/oembed/1.0/embed32cc.json]
[demo.farost.net/logisti/wp-json/oembed/1.0/embed4309]
[demo.farost.net/logisti/wp-content/uploads/2019/04/retail-consumer.jpg]
[demo.farost.net/logisti/wp-content/uploads/2019/04/call_to_action1399.jpg]
[demo.farost.net/logisti/wp-content/uploads/2019/04/card_chart.png]
[demo.farost.net/logisti/industry/retail-consumer/index.html]
[demo.farost.net/logisti/wp-json/oembed/1.0/embede54c.json]
[demo.farost.net/logisti/industry/index.html]
[demo.farost.net/logisti/wp-json/oembed/1.0/embed3a62]
[demo.farost.net/logisti/wp-content/uploads/2019/04/sciences-healthcare.jpg]
[demo.farost.net/logisti/industry/sciences-healthcare/index.html]
[demo.farost.net/logisti/wp-json/oembed/1.0/embed45f3.json]
[demo.farost.net/logisti/wp-json/oembed/1.0/embed2adf]
[demo.farost.net/logisti/wp-content/uploads/2019/04/industrial-chemica.jpg]
[demo.farost.net/logisti/industry/industrial-chemical/index.html]
[demo.farost.net/logisti/wp-json/oembed/1.0/embed069f.json]
[demo.farost.net/logisti/wp-json/oembed/1.0/embed0615]
[demo.farost.net/logisti/wp-content/uploads/2019/04/power-generation.jpg]
[demo.farost.net/logisti/industry/power-generation/index.html]
[demo.farost.net/logisti/wp-json/oembed/1.0/embed6823.json]
[demo.farost.net/logisti/wp-json/oembed/1.0/embedfa84]
[demo.farost.net/logisti/wp-content/uploads/2019/04/food-beverage.jpg]
[demo.farost.net/logisti/industry/food-beverage/index.html]
[demo.farost.net/logisti/wp-json/oembed/1.0/embed67f5.json]
[demo.farost.net/logisti/wp-json/oembed/1.0/embed8768]
[demo.farost.net/logisti/wp-content/uploads/2019/04/oil-gas.jpg]
[demo.farost.net/logisti/industry/oil-gas/index.html]
[demo.farost.net/logisti/wp-content/uploads/siteground-optimizer-assets/siteground-optimizer-combined-css-a4440adc3c1da7d4011cdf54f197d411.css]
[demo.farost.net/logisti/wp-json/wp/v2/pages/58.json]
[demo.farost.net/logisti/wp-json/oembed/1.0/embed04c0.json]
[demo.farost.net/logisti/rates/index.html]
[demo.farost.net/logisti/wp-json/oembed/1.0/embed5d51]
[demo.farost.net/logisti/wp-json/wp/v2/pages/61.json]
[demo.farost.net/logisti/wp-json/oembed/1.0/embedf36c.json]
[demo.farost.net/logisti/wp-json/oembed/1.0/embed8c99]
[demo.farost.net/logisti/wp-content/uploads/2019/03/Layer-1637.jpg]
[demo.farost.net/logisti/case-studies/index.html]
[demo.farost.net/logisti/wp-json/wp/v2/pages/276.json]
[demo.farost.net/logisti/wp-json/oembed/1.0/embed7eec.json]
[demo.farost.net/logisti/case-studies-gird/index.html]
[demo.farost.net/logisti/wp-json/oembed/1.0/embed7a60]
[demo.farost.net/logisti/wp-json/wp/v2/pages/279.json]
[demo.farost.net/logisti/wp-json/oembed/1.0/embeda103.json]
[demo.farost.net/logisti/wp-json/oembed/1.0/embed53a7]
[demo.farost.net/logisti/case-studies-carousel/.all]
[demo.farost.net/logisti/case-studies-carousel/.distribution]
[demo.farost.net/logisti/case-studies-carousel/.optimization]
[demo.farost.net/logisti/case-studies-carousel/.logistics]
[demo.farost.net/logisti/case-studies-carousel/.analystics]
[demo.farost.net/logisti/case-studies-carousel/index.html]
[demo.farost.net/logisti/wp-json/oembed/1.0/embed7b4f.json]
[demo.farost.net/logisti/wp-json/oembed/1.0/embedbd4b]
[demo.farost.net/logisti/portfolio/role-of-the-importer/index.html]
[demo.farost.net/logisti/wp-content/uploads/2019/03/shutterstock_426744064-980x650.jpg]
[demo.farost.net/logisti/portfolio/index.html]
[demo.farost.net/logisti/author/admin/index.html]
[demo.farost.net/logisti/wp-content/uploads/2019/03/shutterstock_682632475.jpg]
[demo.farost.net/logisti/wp-content/uploads/2019/03/shutterstock_682632538.jpg]
[demo.farost.net/logisti/blog-classic/index.html]
[demo.farost.net/logisti/category/insights/index.html]
[demo.farost.net/logisti/blog-classic/page/2/index.html]
[demo.farost.net/logisti/new-additions-to-our-great-metro-trucks-fleet/index.html]
[demo.farost.net/logisti/wp-json/wp/v2/pages/69.json]
[demo.farost.net/logisti/wp-json/oembed/1.0/embed76c2.json]
[demo.farost.net/logisti/blog-grid/index.html]
[demo.farost.net/logisti/wp-json/oembed/1.0/embedfd62]
[demo.farost.net/logisti/wp-json/wp/v2/posts/153.json]
[demo.farost.net/logisti/importance-of-specialized-focus-in-projects-oil-gas-logistics/feed/index.html]
[demo.farost.net/logisti/wp-json/oembed/1.0/embedd0e6.json]
[demo.farost.net/logisti/wp-json/oembed/1.0/embed8128]
[demo.farost.net/logisti/wp-content/uploads/2019/03/shutterstock_682632511-300x300.jpg]
[demo.farost.net/logisti/wp-content/plugins/wp-user-avatar/deprecated/wp-user-avatar/images/wpua-96x96.png]
[demo.farost.net/logisti/tag/business/index.html]
[demo.farost.net/logisti/tag/corporate/index.html]
[demo.farost.net/logisti/importance-of-specialized-focus-in-projects-oil-gas-logistics/index.html]
[demo.farost.net/logisti/wp-includes/js/comment-reply.min.js]
[demo.farost.net/logisti/tag/responsive/index.html]
[demo.farost.net/logisti/tag/modern/index.html]
[demo.farost.net/logisti/importance-of-specialized-focus-in-projects-oil-gas-logistics/index8e42.html]
[demo.farost.net/logisti/importance-of-specialized-focus-in-projects-oil-gas-logistics/index267f.html]
[demo.farost.net/logisti/wp-json/wp/v2/pages/79.json]
[demo.farost.net/logisti/importance-of-specialized-focus-in-projects-oil-gas-logistics/indexfa40.html]
[demo.farost.net/logisti/importance-of-specialized-focus-in-projects-oil-gas-logistics/index360b.html]
[demo.farost.net/logisti/wp-json/oembed/1.0/embed5821.json]
[demo.farost.net/logisti/wp-json/oembed/1.0/embed0dcb]
[demo.farost.net/logisti/wp-content/uploads/2019/04/track_shipment.jpg]
[demo.farost.net/logisti/track-trace/index.html]
[demo.farost.net/logisti/wp-json/wp/v2/pages/81.json]
[demo.farost.net/logisti/wp-json/oembed/1.0/embedfd5a.json]
[demo.farost.net/logisti/wp-json/oembed/1.0/embed4748]
[demo.farost.net/logisti/wp-content/uploads/2019/04/kelsey-knight-452154-unsplash.jpg]
[demo.farost.net/logisti/find-a-location/index.html]
[demo.farost.net/logisti/wp-json/wp/v2/pages/83.json]
[demo.farost.net/logisti/wp-json/oembed/1.0/embede0ed.json]
[demo.farost.net/logisti/wp-json/oembed/1.0/embed8667]
[demo.farost.net/logisti/wp-content/uploads/2019/04/shutterstock_638769598.jpg]
[demo.farost.net/logisti/faqs/index.html]
[demo.farost.net/logisti/wp-json/wp/v2/pages/91.json]
[demo.farost.net/logisti/wp-json/oembed/1.0/embed8bb5.json]
[demo.farost.net/logisti/wp-json/oembed/1.0/embedaadc]
[demo.farost.net/logisti/wp-content/uploads/2019/04/Bg_contact.jpg]
[demo.farost.net/logisti/contacts/index.html]
[vimeo.com/192332438.html]
[demo.farost.net/logisti/.html]
[demo.farost.net/logisti/-2.html]
[demo.farost.net/logisti/wp-content/uploads/2019/03/airplane_rotated.svg]
[demo.farost.net/logisti/wp-content/uploads/2019/03/ship.svg]
[demo.farost.net/logisti/wp-content/uploads/2019/03/truck.svg]
[demo.farost.net/logisti/-3.html]
[demo.farost.net/logisti/-4.html]
[demo.farost.net/logisti/-5.html]
[demo.farost.net/logisti/-6.html]
[demo.farost.net/logisti/-7.html]
[demo.farost.net/logisti/wp-json/oembed/1.0/embeda9de.json]
[demo.farost.net/logisti/wp-json/oembed/1.0/embedce1c]
[demo.farost.net/logisti/portfolio/lane-pairing-analysis/index.html]
[demo.farost.net/logisti/wp-json/wp/v2/portfolio-category/23.json]
[demo.farost.net/logisti/wp-content/uploads/2019/03/last_case-980x650.jpg]
[demo.farost.net/logisti/portfolio-category/analystics/index.html]
[demo.farost.net/logisti/portfolio-category/analystics/feed/index.html]
[demo.farost.net/logisti/portfolio-category/optimization/feed/index.html]
[demo.farost.net/logisti/portfolio/what-is-the-cornerstone-of-blue-ocean-strategy/index.html]
[demo.farost.net/logisti/portfolio-category/optimization/index.html]
[demo.farost.net/logisti/wp-json/wp/v2/portfolio-category/25.json]
[demo.farost.net/logisti/wp-json/oembed/1.0/embedcf0c.json]
[demo.farost.net/logisti/wp-json/oembed/1.0/embed73a1]
[demo.farost.net/logisti/portfolio/warehouse-on-hand-inventory/index.html]
[demo.farost.net/logisti/portfolio-category/distribution/index.html]
[demo.farost.net/logisti/wp-json/wp/v2/portfolio-category/24.json]
[demo.farost.net/logisti/portfolio-category/distribution/feed/index.html]
[demo.farost.net/logisti/portfolio-category/warehousing/index.html]
[demo.farost.net/logisti/wp-json/wp/v2/portfolio-category/22.json]
[demo.farost.net/logisti/portfolio-category/warehousing/feed/index.html]
[demo.farost.net/logisti/wp-json/oembed/1.0/embedfff4.json]
[demo.farost.net/logisti/wp-json/oembed/1.0/embed0252]
[demo.farost.net/logisti/portfolio/minimize-cost-of-manufacturing/index.html]
[demo.farost.net/logisti/portfolio-category/logistics/index.html]
[demo.farost.net/logisti/wp-json/wp/v2/portfolio-category/21.json]
[demo.farost.net/logisti/portfolio-category/logistics/feed/index.html]
[demo.farost.net/logisti/wp-json/oembed/1.0/embed229d.json]
[demo.farost.net/logisti/wp-json/oembed/1.0/embedcad8]
[demo.farost.net/logisti/portfolio/regulatory-compliance-seminar/index.html]
[demo.farost.net/logisti/wp-json/oembed/1.0/embed19c0.json]
[demo.farost.net/logisti/wp-json/oembed/1.0/embed48fe]
[demo.farost.net/logisti/portfolio/documents-electronic-data/index.html]
[demo.farost.net/logisti/category/distribution/index.html]
[demo.farost.net/logisti/wp-json/wp/v2/categories/11.json]
[demo.farost.net/logisti/category/distribution/feed/index.html]
[demo.farost.net/logisti/wp-json/wp/v2/categories/10.json]
[demo.farost.net/logisti/category/logistic/feed/index.html]
[demo.farost.net/logisti/wp-content/uploads/2019/03/shutterstock_1172481070-980x650.jpg]
[demo.farost.net/logisti/category/logistic/index.html]
[demo.farost.net/logisti/the-new-driver-training-recruitment-program/index.html]
[demo.farost.net/logisti/wp-json/wp/v2/posts/168.json]
[demo.farost.net/logisti/cargo-flow-through-better-supply-chain-visibility-control/feed/index.html]
[demo.farost.net/logisti/wp-json/oembed/1.0/embedae68.json]
[demo.farost.net/logisti/wp-json/oembed/1.0/embed0362]
[demo.farost.net/logisti/wp-content/uploads/2019/03/shutterstock_682632538-300x300.jpg]
[demo.farost.net/logisti/wp-content/uploads/2019/03/shutterstock_682632475-300x300.jpg]
[demo.farost.net/logisti/cargo-flow-through-better-supply-chain-visibility-control/index.html]
[demo.farost.net/logisti/category/industry/index.html]
[demo.farost.net/logisti/wp-json/wp/v2/categories/18.json]
[demo.farost.net/logisti/category/industry/feed/index.html]
[demo.farost.net/logisti/category/warehousing/index.html]
[demo.farost.net/logisti/wp-json/wp/v2/categories/17.json]
[demo.farost.net/logisti/category/warehousing/feed/index.html]
[demo.farost.net/logisti/wp-json/wp/v2/posts/172.json]
[demo.farost.net/logisti/importance-of-specialized-focus-in-projects-oil-gas-logistic/feed/index.html]
[demo.farost.net/logisti/wp-json/oembed/1.0/embed8349.json]
[demo.farost.net/logisti/wp-json/oembed/1.0/embedec68]
[demo.farost.net/logisti/wp-content/uploads/2019/03/shutterstock_638769307-300x300.jpg]
[demo.farost.net/logisti/importance-of-specialized-focus-in-projects-oil-gas-logistic/index.html]
[maps.google.com/index3a8f.html]
[public-assets.envato-static.com/assets/market/core/datadog-31cd5e61112f0c7c2f9671350fee5cfc4de6155c4c2ed01c6690fdae62d2c099.js]
[public-assets.envato-static.com/assets/generated_sprites/logos-6f8a015ab6d9602102f6c4dde38bf1a128f2647f20b76023c4793c2d3d86e57c.png]
[public-assets.envato-static.com/assets/generated_sprites/common-14f8bc60470b39265fe5c01e92035209bd04b91cd7da99d59ca3ccd9de5eac62.png]
[public-assets.envato-static.com/icons/themeforest.net/apple-touch-icon-72x72-precomposed.png]
[public-assets.envato-static.com/icons/themeforest.net/apple-touch-icon-114x114-precomposed.png]
[public-assets.envato-static.com/icons/themeforest.net/apple-touch-icon-144x144-precomposed.png]
[public-assets.envato-static.com/icons/themeforest.net/apple-touch-icon-precomposed.png]
[public-assets.envato-static.com/assets/market/core/index-b4f78592e3e1c09f603503f7e1f7bac7224266a095a4b756b29c0f84357d523a.css]
[public-assets.envato-static.com/assets/market/pages/default/index-245ba469d76bcbe175c130b32060d337e67a818eb4fd797e515a232f74328cae.css]
[public-assets.envato-static.com/assets/market/core/head-df4183f2f1b84caa8ad6707c533e562f18a9eaae2b2e4d2081cf439c23343ad3.js]
[public-assets.envato-static.com/assets/common/transparent-1px-93ae7d494fad0fb30cbf3ae746a39c4bc7a0f8bbf87fbb587a3f3c01f3c5ce20.png]
[public-assets.envato-static.com/assets/header/items-collage-068b6a0e859dc995a5892aedc327396630e7868b1bc969c219375e4b3db87ca5.jpg]
[themeforest.net/user/farost/followers.html]
[themeforest.net/user/farost/following.html]
[themeforest.net/user/farost/portfolio2b15.html]
[themeforest.net/user/farost/portfolio5db0.html]
[previews.customer.envatousercontent.com/files/350608813/00_Thumb.png]
[previews.customer.envatousercontent.com/files/329301418/00_Thumb.png]
[previews.customer.envatousercontent.com/files/306448248/00_Thumb.png]
[previews.customer.envatousercontent.com/files/297214523/00_Thumb.png]
[previews.customer.envatousercontent.com/files/288687539/00_Thumb.png]
[previews.customer.envatousercontent.com/files/283422071/00_Thumb.png]
[previews.customer.envatousercontent.com/files/282024176/thumbnails.jpg]
[previews.customer.envatousercontent.com/files/279221054/thumbnails.png]
[previews.customer.envatousercontent.com/files/275722360/thumbnails.png]
[previews.customer.envatousercontent.com/files/271081916/thumbnails.jpg]
[previews.customer.envatousercontent.com/files/267896956/00_Thumb.png]
[previews.customer.envatousercontent.com/files/264348266/Thumb.png]
[previews.customer.envatousercontent.com/files/263745734/thumbnails.png]
[previews.customer.envatousercontent.com/files/263754230/Thumb.png]
[previews.customer.envatousercontent.com/files/260933615/thumbnails.jpg]
[previews.customer.envatousercontent.com/files/261230761/thumbnails.png]
[previews.customer.envatousercontent.com/files/258650166/thumbnails.jpg]
[previews.customer.envatousercontent.com/files/257591951/thumbnails.png]
[previews.customer.envatousercontent.com/files/257591641/Thumbnails.jpg]
[previews.customer.envatousercontent.com/files/252194405/Thumbnails.jpg]
[previews.customer.envatousercontent.com/files/250497768/Thumbnails.jpg]
[previews.customer.envatousercontent.com/files/250938185/thumbnails.jpg]
[previews.customer.envatousercontent.com/files/251606424/thumb_img.png]
[previews.customer.envatousercontent.com/files/247545538/thumbs.png]
[previews.customer.envatousercontent.com/files/246827891/Thumbnails.jpg]
[previews.customer.envatousercontent.com/files/246741655/Thumb.jpg]
[previews.customer.envatousercontent.com/files/247836258/Thumbs.jpg]
[previews.customer.envatousercontent.com/files/245352677/thumb.jpg]
[previews.customer.envatousercontent.com/files/233826862/matilda_thumb.png]
[previews.customer.envatousercontent.com/files/243216434/thumbnails.jpg]
[themeforest.net/user/farost/portfolio4658.html]
[public-assets.envato-static.com/assets/themeforest/logo-s-light-5840444d3681b20ca08212f221a4899ad2197844eee7b9a21c61c3e59ebb7144.png]
[public-assets.envato-static.com/assets/market/core/index-de858795faed7cf9b181b2e8191f4aecf6958d50e04a933c5871e163b88bb379.js]
[public-assets.envato-static.com/assets/market/pages/default/index-a9eebaba086308224ce7394cfa12cd641dded3404d072b9d0ca066b848ad8128.js]
[public-assets.envato-static.com/assets/market/core/lazyload-d32acbbc193ba843927175d43ecdc442a0f9dc9c4f9eca8172c201ca29cd4bab.js]
[consent.cookiebot.com/uc.js]
[themeforest.net/user/farost/linkid.js]
[www.google-analytics.com/analytics.js]
[public-assets.envato-static.com/assets/market/core/standardised_google_analytics_helpers-2b8a6fa27e72433b3f73ec0da6207cd6ba4198dcef039d50f0c7af222f3d8c30.js]
[themeforest.net/user/farost/portfolio.html]
[fonts.googleapis.com/css6e11.css]
[gmpg.org/xfn/default.css]
[gmpg.org/xfn/join.html]
[gmpg.org/xfn/index.html]
[gmpg.org/xfn/background.html]
[gmpg.org/xfn/tools.html]
[gmpg.org/xfn/helping.html]
[gmpg.org/xfn/and/index.html]
[gmpg.org/xfn/feedback.html]
[gmpg.org/xfn/creator.html]
[gmpg.org/xfn/more.html]
[gmpg.org/xfn/press.html]
[gmpg.org/xfn/index-2.html]
[gmpg.org/xfn/.html]
[gmpg.org/xfn/pix/intro/five-met.gif]
[gmpg.org/xfn/pix/intro/five-acqfr.gif]
[gmpg.org/xfn/pix/intro/five-prof.gif]
[gmpg.org/xfn/pix/intro/five-lovefam.gif]
[gmpg.org/xfn/intro.html]
[gmpg.org/xfn/faq.html]
[gmpg.org/xfn/thanks.html]
[demo.farost.net/logisti/wp-content/plugins/themecore/assets/css/owl.video.play.html]
[demo.farost.net/logisti/wp-content/themes/logisti/assets/fonts/fontawesome-webfont3e6e.svg]
[demo.farost.net/logisti/wp-content/themes/logisti/assets/css/icons.html]
[demo.farost.net/logisti/wp-content/plugins/revslider/public/assets/fonts/font-awesome/fonts/fontawesome-webfont3e6e.svg]
[demo.farost.net/logisti/wp-content/uploads/siteground-optimizer-assets/siteground-optimizer-combined-css-9e16c9cbdb3d7bf3760900878e2a26ac.css]
[demo.farost.net/logisti/indexb135.html]
[demo.farost.net/logisti/index40a0.html]
[demo.farost.net/logisti/wp-content/uploads/2019/03/elevator.svg]
[demo.farost.net/logisti/home-modern/.html]
[demo.farost.net/logisti/home-modern/-2.html]
[demo.farost.net/logisti/home-modern/-3.html]
[demo.farost.net/logisti/home-modern/-4.html]
[demo.farost.net/logisti/home-modern/-5.html]
[demo.farost.net/logisti/wp-json/wp/v2/posts/185.json]
[demo.farost.net/logisti/changes-to-our-trade-credit-policy-and-procedures/feed/index.html]
[demo.farost.net/logisti/wp-json/oembed/1.0/embed3e0a.json]
[demo.farost.net/logisti/wp-json/oembed/1.0/embeda782]
[demo.farost.net/logisti/wp-content/uploads/2019/03/shutterstock_638769307.jpg]
[demo.farost.net/logisti/wp-content/uploads/2019/03/shutterstock_682632361-300x300.jpg]
[demo.farost.net/logisti/changes-to-our-trade-credit-policy-and-procedures/index.html]
[demo.farost.net/logisti/category/news/index.html]
[demo.farost.net/logisti/wp-json/wp/v2/categories/20.json]
[demo.farost.net/logisti/category/news/feed/index.html]
[demo.farost.net/logisti/wp-json/wp/v2/posts/197.json]
[demo.farost.net/logisti/how-an-efficient-warehouse-operation-could-save-you-a-sale/feed/index.html]
[demo.farost.net/logisti/wp-json/oembed/1.0/embeddaf3.json]
[demo.farost.net/logisti/wp-json/oembed/1.0/embed5ff7]
[demo.farost.net/logisti/wp-content/uploads/2019/03/shutterstock_682632361.jpg]
[demo.farost.net/logisti/wp-content/uploads/2019/03/shutterstock_426744064-300x300.jpg]
[demo.farost.net/logisti/how-an-efficient-warehouse-operation-could-save-you-a-sale/index.html]
[fonts.googleapis.com/cssfea5.css]
[demo.farost.net/logisti/index970c.html]
[demo.farost.net/logisti/home-classic/.html]
[demo.farost.net/logisti/home-classic/-2.html]
[demo.farost.net/logisti/home-classic/-3.html]
[demo.farost.net/logisti/home-classic/-4.html]
[demo.farost.net/logisti/home-classic/-5.html]
[fonts.googleapis.com/cssa125.css]
[demo.farost.net/logisti/wp-content/uploads/siteground-optimizer-assets/siteground-optimizer-combined-css-42e57e1eef89a7d34dff2a1087d4d75f.css]
[demo.farost.net/logisti/index5643.html]
[demo.farost.net/logisti/index6c46.html]
[demo.farost.net/logisti/why-choose-us/.html]
[demo.farost.net/logisti/why-choose-us/-2.html]
[demo.farost.net/logisti/why-choose-us/-3.html]
[demo.farost.net/logisti/why-choose-us/-4.html]
[demo.farost.net/logisti/why-choose-us/-5.html]
[demo.farost.net/logisti/index1e7e.html]
[demo.farost.net/logisti/index0d0b.html]
[demo.farost.net/logisti/indexb93f.html]
[demo.farost.net/logisti/index3ba0.html]
[demo.farost.net/logisti/index0012.html]
[demo.farost.net/logisti/wp-content/uploads/2019/03/conveyor.svg]
[demo.farost.net/logisti/wp-content/uploads/2019/03/open-box.svg]
[demo.farost.net/logisti/services/.html]
[demo.farost.net/logisti/services/-2.html]
[demo.farost.net/logisti/services/-3.html]
[demo.farost.net/logisti/services/-4.html]
[demo.farost.net/logisti/services/-5.html]
[demo.farost.net/logisti/indexead8.html]
[demo.farost.net/logisti/service/index.html]
[demo.farost.net/logisti/index6905.html]
[demo.farost.net/logisti/index2e25.html]
[demo.farost.net/logisti/index51fe.html]
[demo.farost.net/logisti/indexc351.html]
[demo.farost.net/logisti/index42a9.html]
[demo.farost.net/logisti/index7414.html]
[demo.farost.net/logisti/industry/index.html]
[demo.farost.net/logisti/index0745.html]
[demo.farost.net/logisti/index7398.html]
[demo.farost.net/logisti/indexde52.html]
[demo.farost.net/logisti/indexb25f.html]
[demo.farost.net/logisti/index1b7d.html]
[demo.farost.net/logisti/wp-content/plugins/js_composer/assets/css/lib/vc-linecons/fonts/vc_linecons4906.eot]
[demo.farost.net/logisti/wp-content/uploads/siteground-optimizer-assets/siteground-optimizer-combined-css-a4440adc3c1da7d4011cdf54f197d411.css]
[demo.farost.net/logisti/indexe9b4.html]
[demo.farost.net/logisti/index094d.html]
[demo.farost.net/logisti/index44be.html]
[demo.farost.net/logisti/index45c8.html]
[demo.farost.net/logisti/case-studies-carousel/.html]
[demo.farost.net/logisti/case-studies-carousel/-2.html]
[demo.farost.net/logisti/case-studies-carousel/-3.html]
[demo.farost.net/logisti/case-studies-carousel/-4.html]
[demo.farost.net/logisti/case-studies-carousel/-5.html]
[demo.farost.net/logisti/index8a71.html]
[demo.farost.net/logisti/portfolio/index.html]
[demo.farost.net/logisti/industry/feed/index.html]
[demo.farost.net/logisti/service/feed/index.html]
[demo.farost.net/logisti/author/admin/index.html]
[demo.farost.net/logisti/author/admin/feed/index.html]
[demo.farost.net/logisti/portfolio/feed/index.html]
[demo.farost.net/logisti/wp-json/wp/v2/users/1.json]
[demo.farost.net/logisti/author/admin/page/2/index.html]
[demo.farost.net/logisti/wp-json/wp/v2/posts/191.json]
[demo.farost.net/logisti/new-additions-to-our-great-metro-trucks-fleet/feed/index.html]
[demo.farost.net/logisti/wp-json/oembed/1.0/embed382b.json]
[demo.farost.net/logisti/wp-json/oembed/1.0/embed381e]
[demo.farost.net/logisti/wp-content/uploads/2019/03/shutterstock_426744064.jpg]
[demo.farost.net/logisti/wp-content/uploads/2019/03/shutterstock_1172481070-300x300.jpg]
[demo.farost.net/logisti/new-additions-to-our-great-metro-trucks-fleet/index.html]
[demo.farost.net/logisti/category/insights/index.html]
[demo.farost.net/logisti/blog-classic/page/2/index.html]
[demo.farost.net/logisti/indexe2dc.html]
[demo.farost.net/logisti/indexd7d8.html]
[demo.farost.net/logisti/wp-json/wp/v2/categories/19.json]
[demo.farost.net/logisti/category/insights/feed/index.html]
[demo.farost.net/logisti/tag/business/index.html]
[demo.farost.net/logisti/wp-json/wp/v2/tags/15.json]
[demo.farost.net/logisti/tag/business/feed/index.html]
[demo.farost.net/logisti/tag/business/page/2/index.html]
[demo.farost.net/logisti/tag/corporate/feed/index.html]
[demo.farost.net/logisti/tag/corporate/index.html]
[demo.farost.net/logisti/wp-json/wp/v2/tags/14.json]
[demo.farost.net/logisti/tag/modern/index.html]
[demo.farost.net/logisti/tag/modern/feed/index.html]
[demo.farost.net/logisti/wp-json/wp/v2/tags/13.json]
[demo.farost.net/logisti/tag/corporate/page/2/index.html]
[demo.farost.net/logisti/tag/modern/page/2/index.html]
[demo.farost.net/logisti/tag/responsive/index.html]
[demo.farost.net/logisti/importance-of-specialized-focus-in-projects-oil-gas-logistics/index8e42.html]
[demo.farost.net/logisti/importance-of-specialized-focus-in-projects-oil-gas-logistics/index267f.html]
[demo.farost.net/logisti/importance-of-specialized-focus-in-projects-oil-gas-logistics/indexfa40.html]
[demo.farost.net/logisti/importance-of-specialized-focus-in-projects-oil-gas-logistics/index360b.html]
[demo.farost.net/logisti/index6ffe.html]
[demo.farost.net/logisti/index44d0.html]
[demo.farost.net/logisti/index55e4.html]
[demo.farost.net/logisti/index5cfa.html]
[demo.farost.net/logisti/index8fee.html]
[demo.farost.net/logisti/tag/responsive/feed/index.html]
[demo.farost.net/logisti/wp-json/wp/v2/tags/12.json]
[demo.farost.net/logisti/tag/responsive/page/2/index.html]
[demo.farost.net/logisti/wp-json/oembed/1.0/embedf649.json]
[demo.farost.net/logisti/wp-json/oembed/1.0/embeda6cd]
[demo.farost.net/logisti/wp-content/uploads/2019/03/last_case.jpg]
[demo.farost.net/logisti/portfolio/what-is-the-cornerstone-of-blue-ocean-strategy/index.html]
[demo.farost.net/logisti/indexd89d.html]
[demo.farost.net/logisti/indexc544.html]
[demo.farost.net/logisti/index548d.html]
[demo.farost.net/logisti/index0c93.html]
[demo.farost.net/logisti/wp-json/wp/v2/posts/194.json]
[demo.farost.net/logisti/the-new-driver-training-recruitment-program/feed/index.html]
[demo.farost.net/logisti/wp-json/oembed/1.0/embed855c.json]
[demo.farost.net/logisti/wp-json/oembed/1.0/embed86e9]
[demo.farost.net/logisti/wp-content/uploads/2019/03/shutterstock_1172481070.jpg]
[demo.farost.net/logisti/the-new-driver-training-recruitment-program/index.html]
[demo.farost.net/logisti/indexada0.html]
[demo.farost.net/logisti/indexf4d1.html]
[public-assets.envato-static.com/assets/common/pagination_loader-7fb337642f4cde133550f90749ee6eeb94b0d56dce6ae041cacc18c2bae22699.gif]
[public-assets.envato-static.com/assets/common/input-validation__pending-f7f21221e917132241ff4a30ef79cbbdaed63c7d79fb49d27a2de6438f19d926.gif]
[public-assets.envato-static.com/assets/generated_sprites/logos_2x-dee9fddeb0e1e4d3a5fdebebe4a22e9dd5e30630eae13e57ec4f4eadeb0cb149.png]
[public-assets.envato-static.com/assets/community-research/bg-community-research-3447f8a81ecbf36c8f7e9d65a715d3211116a250063d0f70c1821ab070889360.jpg]
[public-assets.envato-static.com/assets/badges/bg-badges-a804c2c05cdb87f1867fad1e46488302842cc922e47aad35abc8bbd407774a5b.jpg]
[public-assets.envato-static.com/assets/common/bg-page-section--light-abcc6c499de4e9070b2225ceab7d89532b7c0f6a42a92c8fe571f4478d33c39e.png]
[public-assets.envato-static.com/assets/common/bg-page-section-7b4d85a77f80bc4b4c10505e9cd99407bc9b0db7a5727f3eb639f5bf8368b855.png]
[public-assets.envato-static.com/assets/market/core/index-b4f78592e3e1c09f603503f7e1f7bac7224266a095a4b756b29c0f84357d523a.css]
[public-assets.envato-static.com/assets/homepage_banner-5fd7aa3d7595431c2a83cc50e8d74606f21e3679d7d1d49c64311ffe080dbb82.jpg]
[public-assets.envato-static.com/assets/common/small_loader-790fb7876d594851e7f8d5be7fac7d475a81dc210d84e19a6ec3abaac748716d.gif]
[public-assets.envato-static.com/assets/upload_icons/loading-1eb9e7880f723999a4ed63eece6a6e4d4976833d3c16dc18b4ace3971728ab0d.gif]
[public-assets.envato-static.com/assets/upload_icons/ok-d9b097621d01b6106cfc6b9724590be2f8fc3c7b1c0fbcd982ca3484854a7af7.png]
[public-assets.envato-static.com/assets/upload_icons/transit-a600bec3d0a221e754f75e3c23b1ffe3addb511c6920714acd3bed33126ee5b8.png]
[public-assets.envato-static.com/assets/wordpress-hosting/banner_background-d459c00d30a7faba757e4282e958c32a835a3328f505340eed4b7799d95c813d.jpg]
[public-assets.envato-static.com/assets/earnings-page/blueskies@2x-4d50c518f7c458f31eb9ff7fc498ac2881132383cabd33c329f95967d0c885aa.png]
[public-assets.envato-static.com/assets/earnings-page/spacedata@2x-4f0d87fb79d42db61b4a87a18d0aabead23cf31b809bc9d3bc8abb57bf9af94b.png]
[public-assets.envato-static.com/assets/earnings-page/caveman@2x-435f56cbc23dc504dd639eb3886d5bc86787e794384e4d42bf7bf3ca80c2f488.png]
[public-assets.envato-static.com/assets/common/icons-buttons/warning-7322ae95f242742d9c13e41641cba5982a4162f6cedd476d467ed0edef922f8a.png]
[public-assets.envato-static.com/assets/fancybox/fancybox_sprite-b9d6fddb0988440902fcfc72f371ecfa80ee2eb36073f9eebc17449ee41c886f.png]
[public-assets.envato-static.com/assets/fancybox/fancybox_loading-b8681cce947f5b28ed3181b11601e2470b40811722a49564d1271e7b40015064.gif]
[public-assets.envato-static.com/assets/fancybox/blank-b1442e85b03bdcaf66dc58c7abb98745dd2687d86350be9a298a1d9382ac849b.gif]
[public-assets.envato-static.com/assets/fancybox/fancybox_overlay-a163bab86035b0ba62c98fbbd4d8b4f5edabbbb774eca0b5e9e5081b5711b2ab.png]
[public-assets.envato-static.com/assets/fancybox/fancybox_sprite@2x-6ab68245606bbe6ad87ea3f6a044c93f6c21a07e70924b35b68bfb3786d94cf0.png]
[public-assets.envato-static.com/assets/fancybox/fancybox_loading@2x-73b27f9aeb7bc6ee3c4bd20742382f015efd89981a3706d2a29a50867849629c.gif]
[public-assets.envato-static.com/assets/market/pages/default/index-245ba469d76bcbe175c130b32060d337e67a818eb4fd797e515a232f74328cae.css]
[themeforest.net/user/farost/followers.html]
[themeforest.net/user/farost/following.html]
[themeforest.net/user/farost/portfolio2b15.html]
[themeforest.net/user/farost/portfolio5ac3.html]
[themeforest.net/user/farost/portfolio5db0.html]
[themeforest.net/user/farost/portfolioaef2.html]
[previews.customer.envatousercontent.com/files/244892727/Thumbnails.jpg]
[previews.customer.envatousercontent.com/files/245367021/thumbnails.jpg]
[previews.customer.envatousercontent.com/files/244521318/thumb.jpg]
[previews.customer.envatousercontent.com/files/241127224/grasscare-thumb.png]
[previews.customer.envatousercontent.com/files/242184575/Thumbnails.jpg]
[previews.customer.envatousercontent.com/files/239141393/thumbnails.jpg]
[previews.customer.envatousercontent.com/files/238908953/thumb.jpg]
[previews.customer.envatousercontent.com/files/237761135/thumbnails.jpg]
[previews.customer.envatousercontent.com/files/233678612/Thumb-Woo.png]
[previews.customer.envatousercontent.com/files/234454366/hphand_thumbnail.png]
[previews.customer.envatousercontent.com/files/233355637/s_owl_thumb.png]
[previews.customer.envatousercontent.com/files/230237254/thumbnail.png]
[previews.customer.envatousercontent.com/files/231617744/Thumb-Shopify.png]
[previews.customer.envatousercontent.com/files/229966066/Thumbnails.jpg]
[previews.customer.envatousercontent.com/files/227024970/thumbnail.png]
[previews.customer.envatousercontent.com/files/225683110/thumbnail.png]
[previews.customer.envatousercontent.com/files/222201783/leone_thumbnail.jpg]
[previews.customer.envatousercontent.com/files/214655616/thumb80x80.png]
[previews.customer.envatousercontent.com/files/210362660/wpfelix_thumbnail.png]
[previews.customer.envatousercontent.com/files/204598350/thumb_80x80.png]
[previews.customer.envatousercontent.com/files/210688632/fcgroup-thumb.png]
[previews.customer.envatousercontent.com/files/202002475/Thumb_80x80.png]
[themeforest.net/user/farost/portfolio4658.html]
[themeforest.net/user/farost/linkid.js]
[www.googletagmanager.com/gtm5445.html]
[themeforest.net/user/farost/portfolio2679.html]
[gmpg.org/xfn/index.html]
[gmpg.org/xfn/1.html]
[gmpg.org/xfn/xfn-btn.gif]
[gmpg.org/xfn/join.html]
[gmpg.org/xfn/background.html]
[gmpg.org/xfn/creator-fr.html]
[gmpg.org/xfn/creator-it.html]
[gmpg.org/xfn/creator-es.html]
[gmpg.org/xfn/creator-nl.html]
[gmpg.org/xfn/creator-cs.html]
[gmpg.org/xfn/creator-ja.html]
[gmpg.org/xfn/tools.html]
[gmpg.org/xfn/pix/mememememe.png]
[gmpg.org/xfn/and/foaf.html]
[gmpg.org/xfn/and/index-2.html]
[gmpg.org/xfn/and/index.html]
[gmpg.org/xfn/helping.html]
[gmpg.org/xfn/feedback.html]
[gmpg.org/xfn/creator.html]
[gmpg.org/xfn/xfn-mini.gif]
[gmpg.org/xfn/more.html]
[gmpg.org/xfn/press.html]
[gmpg.org/xfn/index-2.html]
[demo.farost.net/logisti/xmlrpc0db0.php]
[demo.farost.net/logisti/wp-includes/wlwmanifest.xml]
[demo.farost.net/logisti/indexb998.html]
[demo.farost.net/logisti/index85b3.html]
[demo.farost.net/logisti/author/admin/page/2/index.html]
[demo.farost.net/logisti/indexbbbf.html]
[demo.farost.net/logisti/tag/business/page/2/index.html]
[demo.farost.net/logisti/tag/corporate/page/2/index.html]
[demo.farost.net/logisti/tag/modern/page/2/index.html]
[demo.farost.net/logisti/tag/responsive/page/2/index.html]
[demo.farost.net/logisti/index67bc.html]
[demo.farost.net/logisti/indexc8fa.html]
[public-assets.envato-static.com/images/down.png]
[themeforest.net/user/farost/portfolio5ac3.html]
[themeforest.net/user/farost/portfolioce56.html]
[themeforest.net/user/farost/portfolioaef2.html]
[themeforest.net/user/farost/portfolio2679.html]
[gmpg.org/xfn/1.html]
[gmpg.org/xfn/creator-fr.html]
[gmpg.org/xfn/creator-it.html]
[gmpg.org/xfn/creator-es.html]
[gmpg.org/xfn/creator-nl.html]
[gmpg.org/xfn/creator-cs.html]
[gmpg.org/xfn/creator-ja.html]
[gmpg.org/xfn/and/foaf.html]
[gmpg.org/xfn/and/index-2.html]
[gmpg.org/xfn/count.css]
[demo.farost.net/logisti/xmlrpc.php]
[themeforest.net/user/farost/portfolioce56.html]
[themeforest.net/user/farost/portfolio9615.html]
[themeforest.net/user/farost/portfolio9615.html]
[junk.metafilter.com/xfn.gif]
